export const snapshot = {};

snapshot[`Snapshot Test - Options > dir > relative 1`] = `
[
  1,
  2,
  3,
]
`;

snapshot[`Snapshot Test - Options > dir > absolute 1`] = `
[
  1,
  2,
  3,
]
`;
